// Jest Snapshot v1, https://goo.gl/fbAQLP

exports[`AccountManagementPage should match snapshot 1`] = `
<section
  className="content-container"
>
  <div
    className="manage-accounts content-innards"
  >
    <h2
      className="heading"
    >
       Manage Accounts 
    </h2>
    <div
      className="manage-accounts__block"
    >
      <h3
        className="heading heading--secondary"
      >
        New
         Account
      </h3>
      <form
        className="manage-accounts__form"
        onSubmit={[Function]}
      >
        <div
          className="manage-accounts__form-row"
        >
          <span>
             Name 
          </span>
          <input
            className="input"
            onChange={[Function]}
            type="text"
            value=""
          />
        </div>
        <div
          className="manage-accounts__form-row"
        >
          <span>
             Website 
          </span>
          <input
            className="input"
            onChange={[Function]}
            type="text"
            value=""
          />
        </div>
        <button
          className="btn btn--secondary"
        >
          Save
        </button>
      </form>
    </div>
    <div
      className="manage-accounts__block"
    >
      <h3
        className="heading heading--secondary"
      >
         Accounts 
      </h3>
      <SearchList
        className="manage-accounts__list"
        list={
          Array [
            Object {
              "key": "jfkda;",
              "name": "Flower Motors",
              "website": "www.flowerpower.com",
            },
            Object {
              "key": "kfjdka",
              "name": "Prophecy Systems",
              "website": "www.prophetic.io",
            },
            Object {
              "key": "fjdkal",
              "name": "Dynamic Foods",
              "website": "www.fooddynamics.com",
            },
          ]
        }
        onClick={[Function]}
        selector={[Function]}
      />
    </div>
  </div>
</section>
`;
