// Jest Snapshot v1, https://goo.gl/fbAQLP

exports[`should render SearchBar correctly 1`] = `
<div
  className="search-bar"
>
  <input
    autoComplete="off"
    className="input"
    onChange={[Function]}
    onKeyPress={[Function]}
    placeholder="Search accounts..."
    type="text"
    value=""
  />
</div>
`;
