// Jest Snapshot v1, https://goo.gl/fbAQLP

exports[`TicketControl should match snapshot 1`] = `
<div
  className="ticket-control"
>
  <h3>
     Ticket Control 
  </h3>
  <div>
    <h4>
       Triage 
    </h4>
    <span>
       Urgency 
    </span>
    <div>
      <select
        className="select"
        onChange={[Function]}
        value="low"
      >
        <option
          value="low"
        >
          Low
        </option>
        <option
          value="medium"
        >
          Medium
        </option>
        <option
          value="high"
        >
          High
        </option>
      </select>
    </div>
    <div>
      <span>
         Status 
      </span>
      <select
        className="select"
        onChange={[Function]}
        value="open"
      >
        <option
          value="open"
        >
          Open
        </option>
        <option
          value="closed"
        >
          Closed
        </option>
      </select>
    </div>
    <button
      onClick={[MockFunction]}
    >
      Save
    </button>
  </div>
  <div>
    <h4>
       Users 
    </h4>
    <button
      onClick={[MockFunction]}
    >
       Add 
    </button>
    <ul>
      <li
        key="-keiajf"
      >
        Brooks Benson
      </li>
      <li
        key="-wqqadv"
      >
        Jeff Benson
      </li>
    </ul>
  </div>
</div>
`;
